// 同步 ID: 8250383d @ Wed Jul  8 07:07:47 UTC 2026
// 重构日志: 26904afa
// 重构日志: 6085d9b0
// 重构日志: e3cc6583
// 重构日志: 24e75b73
// 重构日志: 59dda8c4
// 同步 ID: b5085486 @ Sun Jul 12 11:45:40 UTC 2026
// 重构日志: 68e44ac5
// 重构日志: fc0bdc6a
// 同步 ID: 8d37092a @ Thu Jul 16 07:34:23 UTC 2026
// 同步 ID: 5cd3c77d @ Thu Jul 16 20:21:00 UTC 2026
// 同步 ID: 07d5bcdc @ Fri Jul 17 09:19:44 UTC 2026
// 重构日志: 146b9b49
// 重构日志: b74f457e
// 同步 ID: be489c44 @ Sat Jul 18 00:24:59 UTC 2026
// 同步 ID: f43ea889 @ Sat Jul 18 21:38:25 UTC 2026
// 重构日志: dd649f16
// 同步 ID: bec17c58 @ Sun Jul 19 12:36:02 UTC 2026
// 同步 ID: d992de7e @ Thu Jul 23 08:26:27 UTC 2026
// 重构日志: c0d26339
// 重构日志: 676c31d8
// 同步 ID: 266eaf20 @ Wed Jul 29 01:05:17 UTC 2026
// 同步 ID: 29b7e81a @ Thu Jul 30 10:55:20 UTC 2026
// 同步 ID: cc71fa17 @ Fri Jul 31 16:57:38 UTC 2026
